Using pre-set license
Built from '6000.1/staging' branch; Version is '6000.1.5f1 (923722cbbcfc) revision 9582370'; Using compiler version '194234433'; Build Type 'Release'
OS: 'Windows 11  (10.0.26100) 64bit Core' Language: 'en' Physical Memory: 7577 MB
BatchMode: 1, IsHumanControllingUs: 0, StartBugReporterOnCrash: 0, Is64bit: 1, IsPro: 1
Date: 2025-11-15T01:37:30Z

COMMAND LINE ARGUMENTS:
C:\Unity\6000.1.5f1\Editor\Unity.exe
-adb2
-batchMode
-noUpm
-name
AssetImportWorker0
-projectPath
D:/HaAnh/Unity/Project/3D-Environment-with-Procedural-Sound/Chunity
-logFile
Logs/AssetImportWorker0.log
-srvPort
51343
-job-worker-count
5
-background-job-worker-count
8
-gc-helper-count
1
-name
AssetImport
Successfully changed project path to: D:/HaAnh/Unity/Project/3D-Environment-with-Procedural-Sound/Chunity
D:/HaAnh/Unity/Project/3D-Environment-with-Procedural-Sound/Chunity
[UnityMemory] Configuration Parameters - Can be set up in boot.config
    "memorysetup-allocator-temp-initial-block-size-main=262144"
    "memorysetup-allocator-temp-initial-block-size-worker=262144"
    "memorysetup-bucket-allocator-granularity=16"
    "memorysetup-bucket-allocator-bucket-count=8"
    "memorysetup-bucket-allocator-block-size=33554432"
    "memorysetup-bucket-allocator-block-count=8"
    "memorysetup-main-allocator-block-size=16777216"
    "memorysetup-thread-allocator-block-size=16777216"
    "memorysetup-gfx-main-allocator-block-size=16777216"
    "memorysetup-gfx-thread-allocator-block-size=16777216"
    "memorysetup-cache-allocator-block-size=4194304"
    "memorysetup-typetree-allocator-block-size=2097152"
    "memorysetup-profiler-bucket-allocator-granularity=16"
    "memorysetup-profiler-bucket-allocator-bucket-count=8"
    "memorysetup-profiler-bucket-allocator-block-size=33554432"
    "memorysetup-profiler-bucket-allocator-block-count=8"
    "memorysetup-profiler-allocator-block-size=16777216"
    "memorysetup-profiler-editor-allocator-block-size=1048576"
    "memorysetup-temp-allocator-size-main=16777216"
    "memorysetup-job-temp-allocator-block-size=2097152"
    "memorysetup-job-temp-allocator-block-size-background=1048576"
    "memorysetup-job-temp-allocator-reduction-small-platforms=262144"
    "memorysetup-temp-allocator-size-background-worker=32768"
    "memorysetup-temp-allocator-size-job-worker=262144"
    "memorysetup-temp-allocator-size-preload-manager=33554432"
    "memorysetup-temp-allocator-size-nav-mesh-worker=65536"
    "memorysetup-temp-allocator-size-audio-worker=65536"
    "memorysetup-temp-allocator-size-cloud-worker=32768"
    "memorysetup-temp-allocator-size-gi-baking-worker=262144"
    "memorysetup-temp-allocator-size-gi-baking-worker=262144"
    "memorysetup-temp-allocator-size-gi-baking-worker=262144"
    "memorysetup-temp-allocator-size-gi-baking-worker=262144"
    "memorysetup-temp-allocator-size-gi-baking-worker=262144"
    "memorysetup-temp-allocator-size-gfx=262144"
Player connection [18764]  Target information:

Player connection [18764]  * "[IP] 192.168.1.251 [Port] 0 [Flags] 2 [Guid] 2166246324 [EditorId] 2166246324 [Version] 1048832 [Id] WindowsEditor(7,DESKTOP-BQNEK0H) [Debug] 1 [PackageName] WindowsEditor [ProjectName] Editor" 

Player connection [18764] Host joined multi-casting on [225.0.0.222:54997]...
Player connection [18764] Host joined alternative multi-casting on [225.0.0.222:34997]...
JobSystem: Creating JobQueue using job-worker-count value 5
Input System module state changed to: Initialized.
[Physics::Module] Initialized fallback backend.
[Physics::Module] Id: 0xdecafbad
Library Redirect Path: Library/
[Physics::Module] Selected backend.
[Physics::Module] Name: PhysX
[Physics::Module] Id: 0xf2b8ea05
[Physics::Module] SDK Version: 4.1.2
[Physics::Module] Integration Version: 1.0.0
[Physics::Module] Threading Mode: Multi-Threaded
Refreshing native plugins compatible for Editor in 99.24 ms, found 4 plugins.
Preloading 1 native plugins for Editor in 3258.55 ms.
Initialize engine version: 6000.1.5f1 (923722cbbcfc)
[Subsystems] Discovering subsystems at path C:/Unity/6000.1.5f1/Editor/Data/Resources/UnitySubsystems
[Subsystems] Discovering subsystems at path D:/HaAnh/Unity/Project/3D-Environment-with-Procedural-Sound/Chunity/Assets
GfxDevice: creating device client; kGfxThreadingModeNonThreaded
Direct3D:
    Version:         Direct3D 12 [level 12.1]
    Renderer:        NVIDIA GeForce MX450 (ID=0x1f9c)
    Vendor:          NVIDIA
    VRAM:            1906 MB
    App VRAM Budget: 1620 MB
    Driver:          32.0.15.7261
Initialize mono
Mono path[0] = 'C:/Unity/6000.1.5f1/Editor/Data/Managed'
Mono path[1] = 'C:/Unity/6000.1.5f1/Editor/Data/MonoBleedingEdge/lib/mono/unityjit-win32'
Mono config path = 'C:/Unity/6000.1.5f1/Editor/Data/MonoBleedingEdge/etc'
Using monoOptions --debugger-agent=transport=dt_socket,embedding=1,server=y,suspend=n,address=127.0.0.1:56536
Begin MonoManager ReloadAssembly
Registering precompiled unity dll's ...
Register platform support module: C:/Unity/6000.1.5f1/Editor/Data/PlaybackEngines/WindowsStandaloneSupport/UnityEditor.WindowsStandalone.Extensions.dll
Registered in 0.004908 seconds.
- Loaded All Assemblies, in  1.115 seconds
Native extension for WindowsStandalone target not found
Mono: successfully reloaded assembly
- Finished resetting the current domain, in  0.928 seconds
Domain Reload Profiling: 2038ms
	BeginReloadAssembly (445ms)
		ExecutionOrderSort (0ms)
		DisableScriptedObjects (0ms)
		BackupInstance (0ms)
		ReleaseScriptingObjects (0ms)
		CreateAndSetChildDomain (2ms)
	RebuildCommonClasses (114ms)
	RebuildNativeTypeToScriptingClass (33ms)
	initialDomainReloadingComplete (119ms)
	LoadAllAssembliesAndSetupDomain (399ms)
		LoadAssemblies (434ms)
		RebuildTransferFunctionScriptingTraits (0ms)
		AnalyzeDomain (393ms)
			TypeCache.Refresh (390ms)
				TypeCache.ScanAssembly (361ms)
			BuildScriptInfoCaches (0ms)
			ResolveRequiredComponents (1ms)
	FinalizeReload (930ms)
		ReleaseScriptCaches (0ms)
		RebuildScriptCaches (0ms)
		SetupLoadedEditorAssemblies (830ms)
			LogAssemblyErrors (0ms)
			InitializePlatformSupportModulesInManaged (138ms)
			SetLoadedEditorAssemblies (10ms)
			BeforeProcessingInitializeOnLoad (174ms)
			ProcessInitializeOnLoadAttributes (374ms)
			ProcessInitializeOnLoadMethodAttributes (134ms)
			AfterProcessingInitializeOnLoad (0ms)
			EditorAssembliesLoaded (0ms)
		ExecutionOrderSort2 (0ms)
		AwakeInstancesAfterBackupRestoration (0ms)
========================================================================
Worker process is ready to serve import requests
Import Worker Mode flag is 0x00
Begin MonoManager ReloadAssembly
- Loaded All Assemblies, in  2.218 seconds
Refreshing native plugins compatible for Editor in 132.82 ms, found 4 plugins.
Native extension for WindowsStandalone target not found
Mono: successfully reloaded assembly
- Finished resetting the current domain, in  2.309 seconds
Domain Reload Profiling: 4521ms
	BeginReloadAssembly (511ms)
		ExecutionOrderSort (0ms)
		DisableScriptedObjects (15ms)
		BackupInstance (0ms)
		ReleaseScriptingObjects (0ms)
		CreateAndSetChildDomain (71ms)
	RebuildCommonClasses (102ms)
	RebuildNativeTypeToScriptingClass (32ms)
	initialDomainReloadingComplete (97ms)
	LoadAllAssembliesAndSetupDomain (1469ms)
		LoadAssemblies (1129ms)
		RebuildTransferFunctionScriptingTraits (0ms)
		AnalyzeDomain (644ms)
			TypeCache.Refresh (459ms)
				TypeCache.ScanAssembly (418ms)
			BuildScriptInfoCaches (147ms)
			ResolveRequiredComponents (31ms)
	FinalizeReload (2310ms)
		ReleaseScriptCaches (0ms)
		RebuildScriptCaches (0ms)
		SetupLoadedEditorAssemblies (1735ms)
			LogAssemblyErrors (0ms)
			InitializePlatformSupportModulesInManaged (4ms)
			SetLoadedEditorAssemblies (12ms)
			BeforeProcessingInitializeOnLoad (311ms)
			ProcessInitializeOnLoadAttributes (1253ms)
			ProcessInitializeOnLoadMethodAttributes (143ms)
			AfterProcessingInitializeOnLoad (12ms)
			EditorAssembliesLoaded (0ms)
		ExecutionOrderSort2 (0ms)
		AwakeInstancesAfterBackupRestoration (13ms)
Launched and connected shader compiler UnityShaderCompiler.exe after 0.04 seconds
Refreshing native plugins compatible for Editor in 66.30 ms, found 4 plugins.
Preloading 1 native plugins for Editor in 0.22 ms.
Unloading 216 Unused Serialized files (Serialized files now loaded: 0)
Unloading 6267 unused Assets / (6.1 MB). Loaded Objects now: 6850.
Memory consumption went from 166.7 MB to 160.6 MB.
Total: 24.587300 ms (FindLiveObjects: 1.439700 ms CreateObjectMapping: 1.663800 ms MarkObjects: 14.652800 ms  DeleteObjects: 6.826200 ms)

========================================================================
Received Import Request.
  Time since last request: 222.009207 seconds.
  path: Assets/Tree.prefab
  artifactKey: Guid(01cb47be1b5ffb64782226452df77335) Importer(815301076,1909f56bfc062723c751e8b465ee728b)
Start importing Assets/Tree.prefab using Guid(01cb47be1b5ffb64782226452df77335) Importer(815301076,1909f56bfc062723c751e8b465ee728b) (PreviewImporter) -> (artifact id: 'ce0bcccfa67e0b55db9df1f0f6f61488') in 1.7607277 seconds
Number of updated asset objects reloaded before import = 0Number of asset objects unloaded after import = 15

========================================================================
Received Import Request.
  Time since last request: 71.272177 seconds.
  path: Assets/Scenes/haanh scene.unity
  artifactKey: Guid(49499a1375956db4e92ac54519fc9091) Importer(815301076,1909f56bfc062723c751e8b465ee728b)
Start importing Assets/Scenes/haanh scene.unity using Guid(49499a1375956db4e92ac54519fc9091) Importer(815301076,1909f56bfc062723c751e8b465ee728b) (PreviewImporter) -> (artifact id: 'c2fbccd1796c0906c2240dd60fffae20') in 0.0011453 seconds
Number of updated asset objects reloaded before import = 0Number of asset objects unloaded after import = 0

========================================================================
Received Import Request.
  Time since last request: 204.881721 seconds.
  path: Assets/Materials/Background.mat
  artifactKey: Guid(0cf8cc2bccd704e0d9e80abad3c53300) Importer(815301076,1909f56bfc062723c751e8b465ee728b)
Start importing Assets/Materials/Background.mat using Guid(0cf8cc2bccd704e0d9e80abad3c53300) Importer(815301076,1909f56bfc062723c751e8b465ee728b) (PreviewImporter) -> (artifact id: '14b27ce25c14d0bbb361f878e686dbf9') in 0.2698151 seconds
Number of updated asset objects reloaded before import = 0Number of asset objects unloaded after import = 1

========================================================================
Received Import Request.
  Time since last request: 0.000066 seconds.
  path: Assets/Materials/Pick Up.mat
  artifactKey: Guid(e140f989ee26842609a97dc7c2b4bbfd) Importer(815301076,1909f56bfc062723c751e8b465ee728b)
Start importing Assets/Materials/Pick Up.mat using Guid(e140f989ee26842609a97dc7c2b4bbfd) Importer(815301076,1909f56bfc062723c751e8b465ee728b) (PreviewImporter) -> (artifact id: '316fc2edeceb4b35a8b81eabcca656c2') in 0.0484704 seconds
Number of updated asset objects reloaded before import = 0Number of asset objects unloaded after import = 1

========================================================================
Received Import Request.
  Time since last request: 0.000137 seconds.
  path: Assets/Materials/Spatial Pick Up.mat
  artifactKey: Guid(ca422fdcc1f581a439f54df48731989f) Importer(815301076,1909f56bfc062723c751e8b465ee728b)
Start importing Assets/Materials/Spatial Pick Up.mat using Guid(ca422fdcc1f581a439f54df48731989f) Importer(815301076,1909f56bfc062723c751e8b465ee728b) (PreviewImporter) -> (artifact id: '9213c99c81c4c8c9a4629761c419053b') in 0.0397628 seconds
Number of updated asset objects reloaded before import = 0Number of asset objects unloaded after import = 1

========================================================================
Received Import Request.
  Time since last request: 0.000041 seconds.
  path: Assets/Materials/Taste schwarz.001.mat
  artifactKey: Guid(f215627dc8d30694bafa52f03fd714fa) Importer(815301076,1909f56bfc062723c751e8b465ee728b)
Start importing Assets/Materials/Taste schwarz.001.mat using Guid(f215627dc8d30694bafa52f03fd714fa) Importer(815301076,1909f56bfc062723c751e8b465ee728b) (PreviewImporter) -> (artifact id: '634ed9be05c3199fdff43143a6fe59dc') in 0.0434368 seconds
Number of updated asset objects reloaded before import = 0Number of asset objects unloaded after import = 1

========================================================================
Received Import Request.
  Time since last request: 0.000071 seconds.
  path: Assets/Materials/Spiegel.mat
  artifactKey: Guid(d0dc4b7ad031c724ab0a0459af4e85ad) Importer(815301076,1909f56bfc062723c751e8b465ee728b)
Start importing Assets/Materials/Spiegel.mat using Guid(d0dc4b7ad031c724ab0a0459af4e85ad) Importer(815301076,1909f56bfc062723c751e8b465ee728b) (PreviewImporter) -> (artifact id: 'f9237f187b43eb3df27846ab826cb0fb') in 0.0420056 seconds
Number of updated asset objects reloaded before import = 0Number of asset objects unloaded after import = 1

========================================================================
Received Import Request.
  Time since last request: 0.000062 seconds.
  path: Assets/Materials/Holz2.001.mat
  artifactKey: Guid(9d1897ab297015848a478bd74c5f29e5) Importer(815301076,1909f56bfc062723c751e8b465ee728b)
Start importing Assets/Materials/Holz2.001.mat using Guid(9d1897ab297015848a478bd74c5f29e5) Importer(815301076,1909f56bfc062723c751e8b465ee728b) (PreviewImporter) -> (artifact id: '5043012489acb87d17ab8909348d87ce') in 0.0415132 seconds
Number of updated asset objects reloaded before import = 0Number of asset objects unloaded after import = 1

========================================================================
Received Import Request.
  Time since last request: 0.000051 seconds.
  path: Assets/Materials/TASTE.001.mat
  artifactKey: Guid(a27b6153b25491e47a3f70d262d1c8c3) Importer(815301076,1909f56bfc062723c751e8b465ee728b)
Start importing Assets/Materials/TASTE.001.mat using Guid(a27b6153b25491e47a3f70d262d1c8c3) Importer(815301076,1909f56bfc062723c751e8b465ee728b) (PreviewImporter) -> (artifact id: 'b8b1690476a1b1c0b85b3e91ea0f314b') in 0.0416555 seconds
Number of updated asset objects reloaded before import = 0Number of asset objects unloaded after import = 1

========================================================================
Received Import Request.
  Time since last request: 0.000063 seconds.
  path: Assets/Materials/wood.001.mat
  artifactKey: Guid(57cb23b672cdfc245a2e16934d051c5b) Importer(815301076,1909f56bfc062723c751e8b465ee728b)
Start importing Assets/Materials/wood.001.mat using Guid(57cb23b672cdfc245a2e16934d051c5b) Importer(815301076,1909f56bfc062723c751e8b465ee728b) (PreviewImporter) -> (artifact id: '2353b609db49e51b00cb2e79398f01a3') in 0.0539561 seconds
Number of updated asset objects reloaded before import = 0Number of asset objects unloaded after import = 1

========================================================================
Received Import Request.
  Time since last request: 0.000083 seconds.
  path: Assets/Materials/Piano.mat
  artifactKey: Guid(45210dfc19257314e896307356d264c5) Importer(815301076,1909f56bfc062723c751e8b465ee728b)
Start importing Assets/Materials/Piano.mat using Guid(45210dfc19257314e896307356d264c5) Importer(815301076,1909f56bfc062723c751e8b465ee728b) (PreviewImporter) -> (artifact id: 'c59148ea29de73ff8946967d3f26284e') in 0.0396174 seconds
Number of updated asset objects reloaded before import = 0Number of asset objects unloaded after import = 1

========================================================================
Received Import Request.
  Time since last request: 0.000039 seconds.
  path: Assets/Materials/wood.mat
  artifactKey: Guid(5821632163d51654d8c570ca5afb3be8) Importer(815301076,1909f56bfc062723c751e8b465ee728b)
Start importing Assets/Materials/wood.mat using Guid(5821632163d51654d8c570ca5afb3be8) Importer(815301076,1909f56bfc062723c751e8b465ee728b) (PreviewImporter) -> (artifact id: '738a7fb53b15dd7115cca873edbf6a34') in 0.0434349 seconds
Number of updated asset objects reloaded before import = 0Number of asset objects unloaded after import = 1

========================================================================
Received Import Request.
  Time since last request: 0.000066 seconds.
  path: Assets/Prefabs/Pick Up.prefab
  artifactKey: Guid(dfb4fdaf8d4cc4b9082bfbf146e51193) Importer(815301076,1909f56bfc062723c751e8b465ee728b)
Start importing Assets/Prefabs/Pick Up.prefab using Guid(dfb4fdaf8d4cc4b9082bfbf146e51193) Importer(815301076,1909f56bfc062723c751e8b465ee728b) (PreviewImporter) -> (artifact id: '0d7943496157646dbde1a126535b6beb') in 0.054513 seconds
Number of updated asset objects reloaded before import = 0Number of asset objects unloaded after import = 10

========================================================================
Received Import Request.
  Time since last request: 2.098228 seconds.
  path: Assets/Settings/DefaultVolumeProfile.asset
  artifactKey: Guid(ab09877e2e707104187f6f83e2f62510) Importer(815301076,1909f56bfc062723c751e8b465ee728b)
Start importing Assets/Settings/DefaultVolumeProfile.asset using Guid(ab09877e2e707104187f6f83e2f62510) Importer(815301076,1909f56bfc062723c751e8b465ee728b) (PreviewImporter) -> (artifact id: '2b49ee66048a657f1a2c2c26a8e96c10') in 0.0019293 seconds
Number of updated asset objects reloaded before import = 0Number of asset objects unloaded after import = 0

========================================================================
Received Import Request.
  Time since last request: 0.000054 seconds.
  path: Assets/Settings/Mobile_Renderer.asset
  artifactKey: Guid(65bc7dbf4170f435aa868c779acfb082) Importer(815301076,1909f56bfc062723c751e8b465ee728b)
Start importing Assets/Settings/Mobile_Renderer.asset using Guid(65bc7dbf4170f435aa868c779acfb082) Importer(815301076,1909f56bfc062723c751e8b465ee728b) (PreviewImporter) -> (artifact id: '6ffe12d7e2951a848fb487479e3d383a') in 0.0041793 seconds
Number of updated asset objects reloaded before import = 0Number of asset objects unloaded after import = 1

========================================================================
Received Import Request.
  Time since last request: 0.000056 seconds.
  path: Assets/Settings/PC_RPAsset.asset
  artifactKey: Guid(4b83569d67af61e458304325a23e5dfd) Importer(815301076,1909f56bfc062723c751e8b465ee728b)
Start importing Assets/Settings/PC_RPAsset.asset using Guid(4b83569d67af61e458304325a23e5dfd) Importer(815301076,1909f56bfc062723c751e8b465ee728b) (PreviewImporter) -> (artifact id: '91af3463924372b8f3f2f4939a1f1e03') in 0.0021299 seconds
Number of updated asset objects reloaded before import = 0Number of asset objects unloaded after import = 0

========================================================================
Received Import Request.
  Time since last request: 0.000067 seconds.
  path: Assets/Settings/PC_Renderer.asset
  artifactKey: Guid(f288ae1f4751b564a96ac7587541f7a2) Importer(815301076,1909f56bfc062723c751e8b465ee728b)
Start importing Assets/Settings/PC_Renderer.asset using Guid(f288ae1f4751b564a96ac7587541f7a2) Importer(815301076,1909f56bfc062723c751e8b465ee728b) (PreviewImporter) -> (artifact id: 'b5595849c30a826d437072badaba5c31') in 0.002245 seconds
Number of updated asset objects reloaded before import = 0Number of asset objects unloaded after import = 0

========================================================================
Received Import Request.
  Time since last request: 0.681891 seconds.
  path: Assets/Tree_Textures/shadow.png
  artifactKey: Guid(58a9d5a2cf06f6c44b925de39ed4174c) Importer(815301076,1909f56bfc062723c751e8b465ee728b)
Start importing Assets/Tree_Textures/shadow.png using Guid(58a9d5a2cf06f6c44b925de39ed4174c) Importer(815301076,1909f56bfc062723c751e8b465ee728b) (PreviewImporter) -> (artifact id: '98d8ea2217258baa5f271861ee8e3d7d') in 0.0803259 seconds
Number of updated asset objects reloaded before import = 0Number of asset objects unloaded after import = 2

========================================================================
Received Import Request.
  Time since last request: 3.400873 seconds.
  path: Assets/Environment_assets/bell.fbx
  artifactKey: Guid(f75735856470c9f4483aa84265d676c5) Importer(815301076,1909f56bfc062723c751e8b465ee728b)
Start importing Assets/Environment_assets/bell.fbx using Guid(f75735856470c9f4483aa84265d676c5) Importer(815301076,1909f56bfc062723c751e8b465ee728b) (PreviewImporter) -> (artifact id: 'd1ffea1e788f7bddfee9d11d6385e6ad') in 0.2000048 seconds
Number of updated asset objects reloaded before import = 0Number of asset objects unloaded after import = 16

========================================================================
Received Import Request.
  Time since last request: 0.000114 seconds.
  path: Assets/Environment_assets/golf_course_sunrise_4k.exr
  artifactKey: Guid(0708d901a3859cb47a2e01cf3c24bd0b) Importer(815301076,1909f56bfc062723c751e8b465ee728b)
Start importing Assets/Environment_assets/golf_course_sunrise_4k.exr using Guid(0708d901a3859cb47a2e01cf3c24bd0b) Importer(815301076,1909f56bfc062723c751e8b465ee728b) (PreviewImporter) -> (artifact id: '58ef3d33fb7487a41f309c7f5942ac58') in 0.2918763 seconds
Number of updated asset objects reloaded before import = 0Number of asset objects unloaded after import = 1

========================================================================
Received Import Request.
  Time since last request: 0.000080 seconds.
  path: Assets/Environment_assets/wooden_fish_drum.fbx
  artifactKey: Guid(5f6675bdf5cfd0c40bd8645698e5fd05) Importer(815301076,1909f56bfc062723c751e8b465ee728b)
Start importing Assets/Environment_assets/wooden_fish_drum.fbx using Guid(5f6675bdf5cfd0c40bd8645698e5fd05) Importer(815301076,1909f56bfc062723c751e8b465ee728b) (PreviewImporter) -> (artifact id: '0f02a39d4d4f68c5fbbd4409f65b937b') in 0.2601821 seconds
Number of updated asset objects reloaded before import = 0Number of asset objects unloaded after import = 26

========================================================================
Received Import Request.
  Time since last request: 0.000050 seconds.
  path: Assets/Environment_assets/rogland_clear_night_4k.exr
  artifactKey: Guid(3be15d1c1b27d974094494291e3facdf) Importer(815301076,1909f56bfc062723c751e8b465ee728b)
Start importing Assets/Environment_assets/rogland_clear_night_4k.exr using Guid(3be15d1c1b27d974094494291e3facdf) Importer(815301076,1909f56bfc062723c751e8b465ee728b) (PreviewImporter) -> (artifact id: '5a28fd7f6008c3ed383dd85395ec594d') in 0.136977 seconds
Number of updated asset objects reloaded before import = 0Number of asset objects unloaded after import = 1

========================================================================
Received Import Request.
  Time since last request: 0.000092 seconds.
  path: Assets/Environment_assets/model_tex.mat
  artifactKey: Guid(d363cc8f777bb4b45abcffe9f7028c92) Importer(815301076,1909f56bfc062723c751e8b465ee728b)
Start importing Assets/Environment_assets/model_tex.mat using Guid(d363cc8f777bb4b45abcffe9f7028c92) Importer(815301076,1909f56bfc062723c751e8b465ee728b) (PreviewImporter) -> (artifact id: 'c306edff9c42779eaf792877d89c1d4f') in 0.048429 seconds
Number of updated asset objects reloaded before import = 0Number of asset objects unloaded after import = 1

========================================================================
Received Import Request.
  Time since last request: 0.000075 seconds.
  path: Assets/Environment_assets/radio_ID.obj
  artifactKey: Guid(85224db66ea8d374b8b36eb87944db97) Importer(815301076,1909f56bfc062723c751e8b465ee728b)
Start importing Assets/Environment_assets/radio_ID.obj using Guid(85224db66ea8d374b8b36eb87944db97) Importer(815301076,1909f56bfc062723c751e8b465ee728b) (PreviewImporter) -> (artifact id: 'd23ddb5403d409d5ba93ed18f2782729') in 0.108424 seconds
Number of updated asset objects reloaded before import = 0Number of asset objects unloaded after import = 10

========================================================================
Received Import Request.
  Time since last request: 0.000186 seconds.
  path: Assets/Environment_assets/radio.fbx
  artifactKey: Guid(ed50b60d8cccc464cb56079f1b3a585d) Importer(815301076,1909f56bfc062723c751e8b465ee728b)
Start importing Assets/Environment_assets/radio.fbx using Guid(ed50b60d8cccc464cb56079f1b3a585d) Importer(815301076,1909f56bfc062723c751e8b465ee728b) (PreviewImporter) -> (artifact id: 'b3b6e60f6beae49c643301b534c08692') in 0.2621912 seconds
Number of updated asset objects reloaded before import = 0Number of asset objects unloaded after import = 31

========================================================================
Received Import Request.
  Time since last request: 0.000073 seconds.
  path: Assets/Environment_assets/SkyBox.mat
  artifactKey: Guid(84c5d0436fe4ac04ea963f9f0fd7538e) Importer(815301076,1909f56bfc062723c751e8b465ee728b)
Start importing Assets/Environment_assets/SkyBox.mat using Guid(84c5d0436fe4ac04ea963f9f0fd7538e) Importer(815301076,1909f56bfc062723c751e8b465ee728b) (PreviewImporter) -> (artifact id: 'ab48035428f2bdbbb8f674ed33e2d1d1') in 0.1302643 seconds
Number of updated asset objects reloaded before import = 0Number of asset objects unloaded after import = 2

========================================================================
Received Import Request.
  Time since last request: 0.000073 seconds.
  path: Assets/Environment_assets/radio_material.mat
  artifactKey: Guid(737cd7d40a3edfb4995276560c60d0fb) Importer(815301076,1909f56bfc062723c751e8b465ee728b)
Start importing Assets/Environment_assets/radio_material.mat using Guid(737cd7d40a3edfb4995276560c60d0fb) Importer(815301076,1909f56bfc062723c751e8b465ee728b) (PreviewImporter) -> (artifact id: 'f30d674a8c25c778682672e451052ed7') in 8.6317309 seconds
Number of updated asset objects reloaded before import = 0Number of asset objects unloaded after import = 4

AssetImportWorkerClient::OnTransportError - code=10054 error=An existing connection was forcibly closed by the remote host.
