Using pre-set license
Built from '6000.1/staging' branch; Version is '6000.1.5f1 (923722cbbcfc) revision 9582370'; Using compiler version '194234433'; Build Type 'Release'
OS: 'Windows 11  (10.0.26200) 64bit CoreSingleLanguage' Language: 'en' Physical Memory: 16167 MB
BatchMode: 1, IsHumanControllingUs: 0, StartBugReporterOnCrash: 0, Is64bit: 1, IsPro: 1
Date: 2025-11-02T14:41:30Z

COMMAND LINE ARGUMENTS:
C:\Program Files\Unity\Hub\Editor\6000.1.5f1\Editor\Unity.exe
-adb2
-batchMode
-noUpm
-name
AssetImportWorker2
-projectPath
C:/Users/toikh/Documents/GitHub/3D-Environment-with-Procedural-Sound/Chunity
-logFile
Logs/AssetImportWorker2.log
-srvPort
62294
-job-worker-count
3
-background-job-worker-count
8
-gc-helper-count
1
-name
AssetImport
Successfully changed project path to: C:/Users/toikh/Documents/GitHub/3D-Environment-with-Procedural-Sound/Chunity
C:/Users/toikh/Documents/GitHub/3D-Environment-with-Procedural-Sound/Chunity
[UnityMemory] Configuration Parameters - Can be set up in boot.config
    "memorysetup-allocator-temp-initial-block-size-main=262144"
    "memorysetup-allocator-temp-initial-block-size-worker=262144"
    "memorysetup-bucket-allocator-granularity=16"
    "memorysetup-bucket-allocator-bucket-count=8"
    "memorysetup-bucket-allocator-block-size=33554432"
    "memorysetup-bucket-allocator-block-count=8"
    "memorysetup-main-allocator-block-size=16777216"
    "memorysetup-thread-allocator-block-size=16777216"
    "memorysetup-gfx-main-allocator-block-size=16777216"
    "memorysetup-gfx-thread-allocator-block-size=16777216"
    "memorysetup-cache-allocator-block-size=4194304"
    "memorysetup-typetree-allocator-block-size=2097152"
    "memorysetup-profiler-bucket-allocator-granularity=16"
    "memorysetup-profiler-bucket-allocator-bucket-count=8"
    "memorysetup-profiler-bucket-allocator-block-size=33554432"
    "memorysetup-profiler-bucket-allocator-block-count=8"
    "memorysetup-profiler-allocator-block-size=16777216"
    "memorysetup-profiler-editor-allocator-block-size=1048576"
    "memorysetup-temp-allocator-size-main=16777216"
    "memorysetup-job-temp-allocator-block-size=2097152"
    "memorysetup-job-temp-allocator-block-size-background=1048576"
    "memorysetup-job-temp-allocator-reduction-small-platforms=262144"
    "memorysetup-temp-allocator-size-background-worker=32768"
    "memorysetup-temp-allocator-size-job-worker=262144"
    "memorysetup-temp-allocator-size-preload-manager=33554432"
    "memorysetup-temp-allocator-size-nav-mesh-worker=65536"
    "memorysetup-temp-allocator-size-audio-worker=65536"
    "memorysetup-temp-allocator-size-cloud-worker=32768"
    "memorysetup-temp-allocator-size-gi-baking-worker=262144"
    "memorysetup-temp-allocator-size-gi-baking-worker=262144"
    "memorysetup-temp-allocator-size-gi-baking-worker=262144"
    "memorysetup-temp-allocator-size-gi-baking-worker=262144"
    "memorysetup-temp-allocator-size-gi-baking-worker=262144"
    "memorysetup-temp-allocator-size-gfx=262144"
Player connection [28676]  Target information:

Player connection [28676]  * "[IP] 192.168.1.6 [Port] 0 [Flags] 2 [Guid] 985122509 [EditorId] 985122509 [Version] 1048832 [Id] WindowsEditor(7,LinhHoangNguyen) [Debug] 1 [PackageName] WindowsEditor [ProjectName] Editor" 

Player connection [28676] Host joined multi-casting on [225.0.0.222:54997]...
Player connection [28676] Host joined alternative multi-casting on [225.0.0.222:34997]...
JobSystem: Creating JobQueue using job-worker-count value 3
Input System module state changed to: Initialized.
[Physics::Module] Initialized fallback backend.
[Physics::Module] Id: 0xdecafbad
Library Redirect Path: Library/
[Physics::Module] Selected backend.
[Physics::Module] Name: PhysX
[Physics::Module] Id: 0xf2b8ea05
[Physics::Module] SDK Version: 4.1.2
[Physics::Module] Integration Version: 1.0.0
[Physics::Module] Threading Mode: Multi-Threaded
Refreshing native plugins compatible for Editor in 41.39 ms, found 4 plugins.
Preloading 1 native plugins for Editor in 1258.15 ms.
Initialize engine version: 6000.1.5f1 (923722cbbcfc)
[Subsystems] Discovering subsystems at path C:/Program Files/Unity/Hub/Editor/6000.1.5f1/Editor/Data/Resources/UnitySubsystems
[Subsystems] Discovering subsystems at path C:/Users/toikh/Documents/GitHub/3D-Environment-with-Procedural-Sound/Chunity/Assets
GfxDevice: creating device client; kGfxThreadingModeNonThreaded
Direct3D:
    Version:         Direct3D 12 [level 12.1]
    Renderer:        NVIDIA GeForce RTX 3050 Laptop GPU (ID=0x25a2)
    Vendor:          NVIDIA
    VRAM:            3965 MB
    App VRAM Budget: 3370 MB
    Driver:          32.0.15.8097
Initialize mono
Mono path[0] = 'C:/Program Files/Unity/Hub/Editor/6000.1.5f1/Editor/Data/Managed'
Mono path[1] = 'C:/Program Files/Unity/Hub/Editor/6000.1.5f1/Editor/Data/MonoBleedingEdge/lib/mono/unityjit-win32'
Mono config path = 'C:/Program Files/Unity/Hub/Editor/6000.1.5f1/Editor/Data/MonoBleedingEdge/etc'
Using monoOptions --debugger-agent=transport=dt_socket,embedding=1,server=y,suspend=n,address=127.0.0.1:56432
Begin MonoManager ReloadAssembly
Registering precompiled unity dll's ...
Register platform support module: C:/Program Files/Unity/Hub/Editor/6000.1.5f1/Editor/Data/PlaybackEngines/WindowsStandaloneSupport/UnityEditor.WindowsStandalone.Extensions.dll
Registered in 0.001938 seconds.
- Loaded All Assemblies, in  0.433 seconds
Native extension for WindowsStandalone target not found
Mono: successfully reloaded assembly
- Finished resetting the current domain, in  0.451 seconds
Domain Reload Profiling: 882ms
	BeginReloadAssembly (113ms)
		ExecutionOrderSort (0ms)
		DisableScriptedObjects (0ms)
		BackupInstance (0ms)
		ReleaseScriptingObjects (0ms)
		CreateAndSetChildDomain (1ms)
	RebuildCommonClasses (44ms)
	RebuildNativeTypeToScriptingClass (12ms)
	initialDomainReloadingComplete (52ms)
	LoadAllAssembliesAndSetupDomain (209ms)
		LoadAssemblies (109ms)
		RebuildTransferFunctionScriptingTraits (0ms)
		AnalyzeDomain (206ms)
			TypeCache.Refresh (203ms)
				TypeCache.ScanAssembly (185ms)
			BuildScriptInfoCaches (0ms)
			ResolveRequiredComponents (1ms)
	FinalizeReload (452ms)
		ReleaseScriptCaches (0ms)
		RebuildScriptCaches (0ms)
		SetupLoadedEditorAssemblies (385ms)
			LogAssemblyErrors (0ms)
			InitializePlatformSupportModulesInManaged (86ms)
			SetLoadedEditorAssemblies (5ms)
			BeforeProcessingInitializeOnLoad (86ms)
			ProcessInitializeOnLoadAttributes (148ms)
			ProcessInitializeOnLoadMethodAttributes (60ms)
			AfterProcessingInitializeOnLoad (0ms)
			EditorAssembliesLoaded (0ms)
		ExecutionOrderSort2 (0ms)
		AwakeInstancesAfterBackupRestoration (0ms)
========================================================================
Worker process is ready to serve import requests
Import Worker Mode flag is 0x00
Begin MonoManager ReloadAssembly
- Loaded All Assemblies, in  0.925 seconds
Refreshing native plugins compatible for Editor in 18.63 ms, found 4 plugins.
Native extension for WindowsStandalone target not found
Mono: successfully reloaded assembly
- Finished resetting the current domain, in  0.683 seconds
Domain Reload Profiling: 1604ms
	BeginReloadAssembly (178ms)
		ExecutionOrderSort (0ms)
		DisableScriptedObjects (7ms)
		BackupInstance (0ms)
		ReleaseScriptingObjects (0ms)
		CreateAndSetChildDomain (37ms)
	RebuildCommonClasses (40ms)
	RebuildNativeTypeToScriptingClass (11ms)
	initialDomainReloadingComplete (43ms)
	LoadAllAssembliesAndSetupDomain (647ms)
		LoadAssemblies (437ms)
		RebuildTransferFunctionScriptingTraits (0ms)
		AnalyzeDomain (298ms)
			TypeCache.Refresh (226ms)
				TypeCache.ScanAssembly (208ms)
			BuildScriptInfoCaches (55ms)
			ResolveRequiredComponents (13ms)
	FinalizeReload (684ms)
		ReleaseScriptCaches (0ms)
		RebuildScriptCaches (0ms)
		SetupLoadedEditorAssemblies (517ms)
			LogAssemblyErrors (0ms)
			InitializePlatformSupportModulesInManaged (2ms)
			SetLoadedEditorAssemblies (4ms)
			BeforeProcessingInitializeOnLoad (104ms)
			ProcessInitializeOnLoadAttributes (345ms)
			ProcessInitializeOnLoadMethodAttributes (57ms)
			AfterProcessingInitializeOnLoad (5ms)
			EditorAssembliesLoaded (0ms)
		ExecutionOrderSort2 (0ms)
		AwakeInstancesAfterBackupRestoration (9ms)
Launched and connected shader compiler UnityShaderCompiler.exe after 0.01 seconds
Refreshing native plugins compatible for Editor in 16.60 ms, found 4 plugins.
Preloading 1 native plugins for Editor in 0.08 ms.
Unloading 216 Unused Serialized files (Serialized files now loaded: 0)
Unloading 6264 unused Assets / (4.6 MB). Loaded Objects now: 6844.
Memory consumption went from 162.9 MB to 158.3 MB.
Total: 7.093500 ms (FindLiveObjects: 0.565100 ms CreateObjectMapping: 0.537800 ms MarkObjects: 4.007500 ms  DeleteObjects: 1.982000 ms)

========================================================================
Received Import Request.
  Time since last request: 83690.491960 seconds.
  path: Assets/Prefabs/Pick Up.prefab
  artifactKey: Guid(dfb4fdaf8d4cc4b9082bfbf146e51193) Importer(815301076,1909f56bfc062723c751e8b465ee728b)
Start importing Assets/Prefabs/Pick Up.prefab using Guid(dfb4fdaf8d4cc4b9082bfbf146e51193) Importer(815301076,1909f56bfc062723c751e8b465ee728b) (PreviewImporter) -> (artifact id: '2f36d7e64bb522e00b831a2af9c88a45') in 0.5761435 seconds
Number of updated asset objects reloaded before import = 0Number of asset objects unloaded after import = 10

========================================================================
Received Import Request.
  Time since last request: 204.396066 seconds.
  path: Assets/Environment_assets/golf_course_sunrise_4k.exr
  artifactKey: Guid(0708d901a3859cb47a2e01cf3c24bd0b) Importer(815301076,1909f56bfc062723c751e8b465ee728b)
Start importing Assets/Environment_assets/golf_course_sunrise_4k.exr using Guid(0708d901a3859cb47a2e01cf3c24bd0b) Importer(815301076,1909f56bfc062723c751e8b465ee728b) (PreviewImporter) -> (artifact id: '953f3775d47c23fbce1d2631dd7ea099') in 0.041001 seconds
Number of updated asset objects reloaded before import = 0Number of asset objects unloaded after import = 2

========================================================================
Received Import Request.
  Time since last request: 19.116975 seconds.
  path: Assets/Environment_assets/golf_course_sunrise_4k.exr
  artifactKey: Guid(0708d901a3859cb47a2e01cf3c24bd0b) Importer(815301076,1909f56bfc062723c751e8b465ee728b)
Start importing Assets/Environment_assets/golf_course_sunrise_4k.exr using Guid(0708d901a3859cb47a2e01cf3c24bd0b) Importer(815301076,1909f56bfc062723c751e8b465ee728b) (PreviewImporter) -> (artifact id: 'a1875ce45911e2e5fae8aacce4f6b35c') in 0.1421667 seconds
Number of updated asset objects reloaded before import = 0Number of asset objects unloaded after import = 1

========================================================================
Received Import Request.
  Time since last request: 327.762826 seconds.
  path: Assets/Environment_assets/SkyBox.mat
  artifactKey: Guid(84c5d0436fe4ac04ea963f9f0fd7538e) Importer(815301076,1909f56bfc062723c751e8b465ee728b)
Start importing Assets/Environment_assets/SkyBox.mat using Guid(84c5d0436fe4ac04ea963f9f0fd7538e) Importer(815301076,1909f56bfc062723c751e8b465ee728b) (PreviewImporter) -> (artifact id: 'b6d222f397fec9f192c5b7ddc017e32e') in 0.1601561 seconds
Number of updated asset objects reloaded before import = 0Number of asset objects unloaded after import = 2

========================================================================
Received Import Request.
  Time since last request: 399.214442 seconds.
  path: Assets/Environment_assets/temple.fbx
  artifactKey: Guid(2d35473df76c9f442a291973fff21f5c) Importer(815301076,1909f56bfc062723c751e8b465ee728b)
Start importing Assets/Environment_assets/temple.fbx using Guid(2d35473df76c9f442a291973fff21f5c) Importer(815301076,1909f56bfc062723c751e8b465ee728b) (PreviewImporter) -> (artifact id: 'de0c1e9c22a63964bcd06418af89fe2e') in 0.8842139 seconds
Number of updated asset objects reloaded before import = 0Number of asset objects unloaded after import = 291

========================================================================
Received Import Request.
  Time since last request: 420.339462 seconds.
  path: Assets/Environment_assets/SkyBox.mat
  artifactKey: Guid(84c5d0436fe4ac04ea963f9f0fd7538e) Importer(815301076,1909f56bfc062723c751e8b465ee728b)
Start importing Assets/Environment_assets/SkyBox.mat using Guid(84c5d0436fe4ac04ea963f9f0fd7538e) Importer(815301076,1909f56bfc062723c751e8b465ee728b) (PreviewImporter) -> (artifact id: 'abeb373ae44f67db4cf10107a06b1a5b') in 0.1173657 seconds
Number of updated asset objects reloaded before import = 0Number of asset objects unloaded after import = 2

========================================================================
Received Import Request.
  Time since last request: 349.415072 seconds.
  path: Assets/Environment_assets/bell.fbx
  artifactKey: Guid(f75735856470c9f4483aa84265d676c5) Importer(815301076,1909f56bfc062723c751e8b465ee728b)
Start importing Assets/Environment_assets/bell.fbx using Guid(f75735856470c9f4483aa84265d676c5) Importer(815301076,1909f56bfc062723c751e8b465ee728b) (PreviewImporter) -> (artifact id: 'eda41337ef41da0fc09822131f9ec35e') in 0.1038129 seconds
Number of updated asset objects reloaded before import = 0Number of asset objects unloaded after import = 16

========================================================================
Received Import Request.
  Time since last request: 177.341239 seconds.
  path: Assets/Environment_assets/radio_ID.obj
  artifactKey: Guid(85224db66ea8d374b8b36eb87944db97) Importer(815301076,1909f56bfc062723c751e8b465ee728b)
Start importing Assets/Environment_assets/radio_ID.obj using Guid(85224db66ea8d374b8b36eb87944db97) Importer(815301076,1909f56bfc062723c751e8b465ee728b) (PreviewImporter) -> (artifact id: '221bbe93a23655cac27cd50bc2765c46') in 0.0775427 seconds
Number of updated asset objects reloaded before import = 0Number of asset objects unloaded after import = 10

========================================================================
Received Import Request.
  Time since last request: 96.229959 seconds.
  path: Assets/Environment_assets/radio_materia;.mat
  artifactKey: Guid(737cd7d40a3edfb4995276560c60d0fb) Importer(815301076,1909f56bfc062723c751e8b465ee728b)
Start importing Assets/Environment_assets/radio_materia;.mat using Guid(737cd7d40a3edfb4995276560c60d0fb) Importer(815301076,1909f56bfc062723c751e8b465ee728b) (PreviewImporter) -> (artifact id: 'b439f435163bdc36f8eb31dd8c07b730') in 0.0266227 seconds
Number of updated asset objects reloaded before import = 0Number of asset objects unloaded after import = 1

========================================================================
Received Import Request.
  Time since last request: 7.478806 seconds.
  path: Assets/Environment_assets/radio_material.mat
  artifactKey: Guid(737cd7d40a3edfb4995276560c60d0fb) Importer(815301076,1909f56bfc062723c751e8b465ee728b)
Start importing Assets/Environment_assets/radio_material.mat using Guid(737cd7d40a3edfb4995276560c60d0fb) Importer(815301076,1909f56bfc062723c751e8b465ee728b) (PreviewImporter) -> (artifact id: 'aa4bb5cfbd96a843278d47cc59135a8a') in 0.033094 seconds
Number of updated asset objects reloaded before import = 0Number of asset objects unloaded after import = 1

========================================================================
Received Import Request.
  Time since last request: 29.025773 seconds.
  path: Assets/Environment_assets/textures
  artifactKey: Guid(f83bf105e0d05944ab4d0a55e0e08a42) Importer(815301076,1909f56bfc062723c751e8b465ee728b)
Start importing Assets/Environment_assets/textures using Guid(f83bf105e0d05944ab4d0a55e0e08a42) Importer(815301076,1909f56bfc062723c751e8b465ee728b) (PreviewImporter) -> (artifact id: 'e1857d1ba579cf7467c347362b02eee5') in 0.0016556 seconds
Number of updated asset objects reloaded before import = 0Number of asset objects unloaded after import = 0

========================================================================
Received Import Request.
  Time since last request: 7.897596 seconds.
  path: Assets/Environment_assets/radio_material
  artifactKey: Guid(f83bf105e0d05944ab4d0a55e0e08a42) Importer(815301076,1909f56bfc062723c751e8b465ee728b)
Start importing Assets/Environment_assets/radio_material using Guid(f83bf105e0d05944ab4d0a55e0e08a42) Importer(815301076,1909f56bfc062723c751e8b465ee728b) (PreviewImporter) -> (artifact id: '05927f19a1b867eadaddf63206006c2e') in 0.0007143 seconds
Number of updated asset objects reloaded before import = 0Number of asset objects unloaded after import = 0

========================================================================
Received Import Request.
  Time since last request: 5.231453 seconds.
  path: Assets/Environment_assets/radio_material/radio_radzioo_BaseColor.png
  artifactKey: Guid(7b08fc568925f634bbf1b38958a9889a) Importer(815301076,1909f56bfc062723c751e8b465ee728b)
Start importing Assets/Environment_assets/radio_material/radio_radzioo_BaseColor.png using Guid(7b08fc568925f634bbf1b38958a9889a) Importer(815301076,1909f56bfc062723c751e8b465ee728b) (PreviewImporter) -> (artifact id: 'edd14219baf59d3b34ec843ac1ed763e') in 0.0384335 seconds
Number of updated asset objects reloaded before import = 0Number of asset objects unloaded after import = 2

========================================================================
Received Import Request.
  Time since last request: 0.000031 seconds.
  path: Assets/Environment_assets/radio_material/radio_radzioo_OcclusionRoughnessMetallic.png
  artifactKey: Guid(708d56454df1e544587dcd47699681da) Importer(815301076,1909f56bfc062723c751e8b465ee728b)
Start importing Assets/Environment_assets/radio_material/radio_radzioo_OcclusionRoughnessMetallic.png using Guid(708d56454df1e544587dcd47699681da) Importer(815301076,1909f56bfc062723c751e8b465ee728b) (PreviewImporter) -> (artifact id: '89a4b96f74a01298bed4b13cc40e66eb') in 0.0488178 seconds
Number of updated asset objects reloaded before import = 0Number of asset objects unloaded after import = 2

========================================================================
Received Import Request.
  Time since last request: 428.343796 seconds.
  path: Assets/Environment_assets/model_tex.mat
  artifactKey: Guid(d363cc8f777bb4b45abcffe9f7028c92) Importer(815301076,1909f56bfc062723c751e8b465ee728b)
Start importing Assets/Environment_assets/model_tex.mat using Guid(d363cc8f777bb4b45abcffe9f7028c92) Importer(815301076,1909f56bfc062723c751e8b465ee728b) (PreviewImporter) -> (artifact id: '763014cfbd234d809efba83331a383de') in 0.039333 seconds
Number of updated asset objects reloaded before import = 0Number of asset objects unloaded after import = 1

